interactions:
- request:
    body: null
    headers:
      Accept:
      - '*/*'
      Accept-Encoding:
      - gzip, deflate
      Connection:
      - keep-alive
      User-Agent:
      - python-requests/2.31.0
      authorization:
      - REDACTED
    method: GET
    uri: http://localhost:8980/opennms/rest/health
  response:
    body:
      string: '{"healthy":true,"responses":[{"description":"Karaf extender","message":"5
        non-KAR features installed. ","status":"Success"},{"description":"Verifying
        installed bundles","status":"Success"},{"description":"Connecting to ElasticSearch
        ReST API (Flows)","status":"Success"},{"description":"Number of active alarms
        stored in Elasticsearch (Alarm History)","message":"Found 24 alarms.","status":"Success"}]}'
    headers:
      Cache-Control:
      - no-store
      Content-Length:
      - '402'
      Content-Security-Policy:
      - 'default-src ''none'' ; frame-src ''self'' ; manifest-src ''self'' ; script-src
        ''self'' ''unsafe-inline'' ''unsafe-eval''; font-src ''self'' https://fonts.googleapis.com  https://fonts.gstatic.com;
        connect-src ''self'' ; style-src ''self'' ''unsafe-inline'' https://fonts.googleapis.com;
        base-uri ''self'' ; form-action ''self'' ; img-src ''self'' https://tiles.opennms.org
        https://*.tile.openstreetmap.org https://*.tile.opentopomap.org data:'
      Content-Type:
      - application/json
      Date:
      - Tue, 19 Dec 2023 23:10:00 GMT
      Health:
      - Everything is awesome
      Permissions-Policy:
      - accelerometer=(), ambient-light-sensor=(), autoplay=(), battery=(), camera=(),
        cross-origin-isolated=(), display-capture=(), document-domain=(), encrypted-media=(),
        execution-while-not-rendered=(), execution-while-out-of-viewport=(), fullscreen=(),
        geolocation=(), gyroscope=(), keyboard-map=(), magnetometer=(), microphone=(),
        midi=(), navigation-override=(), payment=(), picture-in-picture=(), publickey-credentials-get=(),
        screen-wake-lock=(), sync-xhr=(), usb=(), web-share=(), xr-spatial-tracking=()
      Pragma:
      - no-cache
      Referrer-Policy:
      - no-referrer
      X-Content-Type-Options:
      - nosniff
      X-Frame-Options:
      - SAMEORIGIN
    status:
      code: 200
      message: OK
- request:
    body: null
    headers:
      Accept:
      - '*/*'
      Accept-Encoding:
      - gzip, deflate
      Connection:
      - keep-alive
      User-Agent:
      - python-requests/2.31.0
      authorization:
      - REDACTED
    method: GET
    uri: http://localhost:8980/opennms/rest/info
  response:
    body:
      string: '{"displayVersion":"32.0.5","version":"32.0.5","packageName":"opennms","packageDescription":"OpenNMS","ticketerConfig":{"plugin":null,"enabled":false},"datetimeformatConfig":{"zoneId":"America/Los_Angeles","datetimeformat":"yyyy-MM-dd''T''HH:mm:ssxxx"},"services":{}}'
    headers:
      Cache-Control:
      - no-store
      Content-Length:
      - '264'
      Content-Security-Policy:
      - 'default-src ''none'' ; frame-src ''self'' ; manifest-src ''self'' ; script-src
        ''self'' ''unsafe-inline'' ''unsafe-eval''; font-src ''self'' https://fonts.googleapis.com  https://fonts.gstatic.com;
        connect-src ''self'' ; style-src ''self'' ''unsafe-inline'' https://fonts.googleapis.com;
        base-uri ''self'' ; form-action ''self'' ; img-src ''self'' https://tiles.opennms.org
        https://*.tile.openstreetmap.org https://*.tile.opentopomap.org data:'
      Content-Type:
      - application/json
      Date:
      - Tue, 19 Dec 2023 23:10:04 GMT
      Permissions-Policy:
      - accelerometer=(), ambient-light-sensor=(), autoplay=(), battery=(), camera=(),
        cross-origin-isolated=(), display-capture=(), document-domain=(), encrypted-media=(),
        execution-while-not-rendered=(), execution-while-out-of-viewport=(), fullscreen=(),
        geolocation=(), gyroscope=(), keyboard-map=(), magnetometer=(), microphone=(),
        midi=(), navigation-override=(), payment=(), picture-in-picture=(), publickey-credentials-get=(),
        screen-wake-lock=(), sync-xhr=(), usb=(), web-share=(), xr-spatial-tracking=()
      Pragma:
      - no-cache
      Referrer-Policy:
      - no-referrer
      X-Content-Type-Options:
      - nosniff
      X-Frame-Options:
      - SAMEORIGIN
    status:
      code: 200
      message: OK
- request:
    body: null
    headers:
      Accept:
      - application/json
      Accept-Encoding:
      - gzip, deflate
      Connection:
      - keep-alive
      User-Agent:
      - python-requests/2.31.0
      authorization:
      - REDACTED
    method: GET
    uri: http://localhost:8980/opennms/api/v2/alarms/904
  response:
    body:
      string: ''
    headers:
      Cache-Control:
      - no-store
      Content-Length:
      - '0'
      Content-Security-Policy:
      - 'default-src ''none'' ; frame-src ''self'' ; manifest-src ''self'' ; script-src
        ''self'' ''unsafe-inline'' ''unsafe-eval''; font-src ''self'' https://fonts.googleapis.com  https://fonts.gstatic.com;
        connect-src ''self'' ; style-src ''self'' ''unsafe-inline'' https://fonts.googleapis.com;
        base-uri ''self'' ; form-action ''self'' ; img-src ''self'' https://tiles.opennms.org
        https://*.tile.openstreetmap.org https://*.tile.opentopomap.org data:'
      Date:
      - Tue, 19 Dec 2023 23:10:04 GMT
      Permissions-Policy:
      - accelerometer=(), ambient-light-sensor=(), autoplay=(), battery=(), camera=(),
        cross-origin-isolated=(), display-capture=(), document-domain=(), encrypted-media=(),
        execution-while-not-rendered=(), execution-while-out-of-viewport=(), fullscreen=(),
        geolocation=(), gyroscope=(), keyboard-map=(), magnetometer=(), microphone=(),
        midi=(), navigation-override=(), payment=(), picture-in-picture=(), publickey-credentials-get=(),
        screen-wake-lock=(), sync-xhr=(), usb=(), web-share=(), xr-spatial-tracking=()
      Pragma:
      - no-cache
      Referrer-Policy:
      - no-referrer
      X-Content-Type-Options:
      - nosniff
      X-Frame-Options:
      - SAMEORIGIN
    status:
      code: 404
      message: Not Found
- request:
    body: null
    headers:
      Accept:
      - application/json
      Accept-Encoding:
      - gzip, deflate
      Connection:
      - keep-alive
      User-Agent:
      - python-requests/2.31.0
      authorization:
      - REDACTED
    method: GET
    uri: http://localhost:8980/opennms/api/v2/alarms/66
  response:
    body:
      string: '{"id":66,"uei":"uei.opennms.org/nodes/nodeLostService","location":"Default","nodeId":17,"nodeLabel":"texts","ipAddress":"127.7.8.9","serviceType":{"id":6,"name":"SNMP"},"reductionKey":"uei.opennms.org/nodes/nodeLostService::17:127.7.8.9:SNMP","type":1,"count":2,"severity":"MINOR","firstEventTime":1703026845329,"description":"<p>A
        SNMP outage was identified on interface\n            127.7.8.9 because of
        the following condition: SNMP poll failed, addr=127.7.8.9 oid=.1.3.6.1.2.1.1.2.0.</p>
        <p>\n            A new Outage record has been created and service level\n            availability
        calculations will be impacted until this outage is\n            resolved.</p>","logMessage":"\n            SNMP
        outage identified on interface 127.7.8.9.\n        ","suppressedUntil":1703026845329,"suppressedTime":1703026845329,"lastEvent":{"id":281,"uei":"uei.opennms.org/nodes/nodeLostService","label":"OpenNMS-defined
        node event: nodeLostService","time":1703026852472,"host":"opennms","source":"OpenNMS.Poller.DefaultPollContext","ipAddress":"127.7.8.9","serviceType":{"id":6,"name":"SNMP"},"parameters":[{"name":"eventReason","value":"SNMP
        poll failed, addr=127.7.8.9 oid=.1.3.6.1.2.1.1.2.0","type":"string"}],"createTime":1703026852477,"description":"<p>A
        SNMP outage was identified on interface\n            127.7.8.9 because of
        the following condition: SNMP poll failed, addr=127.7.8.9 oid=.1.3.6.1.2.1.1.2.0.</p>
        <p>\n            A new Outage record has been created and service level\n            availability
        calculations will be impacted until this outage is\n            resolved.</p>","logMessage":"\n            SNMP
        outage identified on interface 127.7.8.9.\n        ","severity":"MINOR","log":"Y","display":"Y","nodeId":17,"nodeLabel":"texts","location":"Default"},"parameters":[{"name":"eventReason","value":"SNMP
        poll failed, addr=127.7.8.9 oid=.1.3.6.1.2.1.1.2.0","type":"string"}],"lastEventTime":1703026852472,"x733ProbableCause":0,"ifIndex":null,"affectedNodeCount":1}'
    headers:
      Cache-Control:
      - no-store
      Content-Encoding:
      - gzip
      Content-Security-Policy:
      - 'default-src ''none'' ; frame-src ''self'' ; manifest-src ''self'' ; script-src
        ''self'' ''unsafe-inline'' ''unsafe-eval''; font-src ''self'' https://fonts.googleapis.com  https://fonts.gstatic.com;
        connect-src ''self'' ; style-src ''self'' ''unsafe-inline'' https://fonts.googleapis.com;
        base-uri ''self'' ; form-action ''self'' ; img-src ''self'' https://tiles.opennms.org
        https://*.tile.openstreetmap.org https://*.tile.opentopomap.org data:'
      Content-Type:
      - application/json
      Date:
      - Tue, 19 Dec 2023 23:11:23 GMT
      Permissions-Policy:
      - accelerometer=(), ambient-light-sensor=(), autoplay=(), battery=(), camera=(),
        cross-origin-isolated=(), display-capture=(), document-domain=(), encrypted-media=(),
        execution-while-not-rendered=(), execution-while-out-of-viewport=(), fullscreen=(),
        geolocation=(), gyroscope=(), keyboard-map=(), magnetometer=(), microphone=(),
        midi=(), navigation-override=(), payment=(), picture-in-picture=(), publickey-credentials-get=(),
        screen-wake-lock=(), sync-xhr=(), usb=(), web-share=(), xr-spatial-tracking=()
      Pragma:
      - no-cache
      Referrer-Policy:
      - no-referrer
      Transfer-Encoding:
      - chunked
      Vary:
      - Accept-Encoding
      X-Content-Type-Options:
      - nosniff
      X-Frame-Options:
      - SAMEORIGIN
    status:
      code: 200
      message: OK
version: 1
